
############################################################################################################################################################################################
############################################################################# BLOCK RAM MAPPING REPORT #####################################################################################
############################################################################################################################################################################################
RTL Instance                                                                                                                     Mapped                     Type       RTL Size    No of BRAMs    No of URAMs
                                                                                                                                                                  (width*depth)                              
======================================================================================================================================================================================================================================
