#
#Copyright (C) 1994-2021 Synopsys, Inc.
#This Synopsys software and all associated documentation are proprietary to Synopsys, Inc.
#and may only be used pursuant to the terms and conditions of a written license agreement
#with Synopsys, Inc. All other use, reproduction, modification, or distribution of the
#Synopsys software or the associated documentation is strictly prohibited.
#Tool: HAPS (R) ProtoCompiler 100
#Build: R-2020.12-SP1-1
#Install: /usr/cadtool/csr5306/synopsys/protocomp/R-2020.12-SP1-1
#OS: CentOS release 6.10 (Final)
#Hostname: ws32

#Database state : /home/m110/m110063541/synos/kai/Lab1_PCflow/UC_LED_DEMO/|pa0
#Synopsys ProtoCompiler Partitioner/Router, Version map202012pcp4, Build 193R, Built Apr  8 2022 21:27:09, @4216327



@S1 AP337 |Connection Model
connection_model DIRECT -modules { \
}
connection_model HSTDM_ERD -modules { \
   HSTDM_ERD_7 7
   HSTDM_ERD_15 15
   HSTDM_ERD_22 22
   HSTDM_ERD_30 30
   HSTDM_ERD_37 37
   HSTDM_ERD_45 45
   HSTDM_ERD_52 52
   HSTDM_ERD_60 60
   HSTDM_ERD_67 67
   HSTDM_ERD_75 75
   HSTDM_ERD_82 82
   HSTDM_ERD_90 90
   HSTDM_ERD_97 97
   HSTDM_ERD_105 105
   HSTDM_ERD_112 112
   HSTDM_ERD_120 120
   HSTDM_ERD_150 150
   HSTDM_ERD_180 180
   HSTDM_ERD_210 210
   HSTDM_ERD_240 240
}
connection_model ACPM -modules { \
   ACPM_2 2
   ACPM_3 3
   ACPM_4 4
   ACPM_5 5
   ACPM_6 6
   ACPM_7 7
   ACPM_8 8
   ACPM_9 9
   ACPM_10 10
   ACPM_11 11
   ACPM_12 12
   ACPM_13 13
   ACPM_14 14
   ACPM_15 15
   ACPM_16 16
   ACPM_17 17
   ACPM_18 18
   ACPM_19 19
   ACPM_20 20
   ACPM_24 24
   ACPM_28 28
   ACPM_32 32
}
connection_model HSTDM -modules { \
   HSTDM_8 8
   HSTDM_16 16
   HSTDM_24 24
   HSTDM_32 32
   HSTDM_40 40
   HSTDM_48 48
   HSTDM_56 56
   HSTDM_64 64
   HSTDM_72 72
   HSTDM_80 80
   HSTDM_88 88
   HSTDM_96 96
   HSTDM_104 104
   HSTDM_112 112
   HSTDM_120 120
   HSTDM_128 128
   HSTDM_160 160
   HSTDM_192 192
   HSTDM_224 224
   HSTDM_256 256
}
connection_model HSTDMSE -modules { \
   HSTDM_8 8
   HSTDM_16 16
   HSTDM_24 24
   HSTDM_32 32
   HSTDM_40 40
   HSTDM_48 48
   HSTDM_56 56
   HSTDM_64 64
   HSTDM_72 72
   HSTDM_80 80
   HSTDM_88 88
   HSTDM_96 96
   HSTDM_104 104
   HSTDM_112 112
   HSTDM_120 120
   HSTDM_128 128
   HSTDM_160 160
   HSTDM_192 192
   HSTDM_224 224
   HSTDM_256 256
}
connection_model HSTDMSE_ERD -modules { \
   HSTDM_ERD_7 7
   HSTDM_ERD_15 15
   HSTDM_ERD_22 22
   HSTDM_ERD_30 30
   HSTDM_ERD_37 37
   HSTDM_ERD_45 45
   HSTDM_ERD_52 52
   HSTDM_ERD_60 60
   HSTDM_ERD_67 67
   HSTDM_ERD_75 75
   HSTDM_ERD_82 82
   HSTDM_ERD_90 90
   HSTDM_ERD_97 97
   HSTDM_ERD_105 105
   HSTDM_ERD_112 112
   HSTDM_ERD_120 120
   HSTDM_ERD_150 150
   HSTDM_ERD_180 180
   HSTDM_ERD_210 210
   HSTDM_ERD_240 240
}
connection_model MGTDM_Y -modules { \
   HSTDM_MGT_64 64
   HSTDM_MGT_128 128
   HSTDM_MGT_256 256
   HSTDM_MGT_512 512
   HSTDM_MGT_1024 1024
}
connection_model MGTDM -modules { \
   HSTDM_ERD_MGT_256 256
   HSTDM_ERD_MGT_512 512
   HSTDM_ERD_MGT_1024 1024
}

@S2 AP336 |Implied Constraints

@S3 AP339 |Dissolve

@S4 AP341 |Assignments

@S4.1 AP342 |Port Assignments
assign_port {a} {TOP_IO_HT3_FB1_B5}
assign_port {b} {TOP_IO_HT3_FB1_B5}
assign_port {ci} {TOP_IO_HT3_FB1_B5}
assign_port {cout} -trace {FB1_B5_A[4]}
assign_port {sum} -trace {FB1_B5_A[5]}

@S4.2 AP343 |Hierarchical Cell Assignments
assign_cell {u1} {FB1.uA}
   # LUT 1 
assign_cell {u2} {FB1.uB}
   # LUT 1 

@S4.3 AP344 |Random Logic Assignments
assign_cell {cout} {FB1.uB}

@S5 AP381 |Cell Connections
cell_connections u1 \
   -total_connections 4 \
   -assigned_bin FB1.uA -constrained_to FB1.uA -local_connections 0 \
   -bins {FB1.uA FB1.uB} -count 2 \
   -bins {FB1.uA TOP_IO_HT3_FB1_B5} -count 2 \
   -usage {LUT 1 }

cell_connections u2 \
   -total_connections 4 \
   -assigned_bin FB1.uB -constrained_to FB1.uB -local_connections 1 \
   -bins {FB1.uA FB1.uB} -count 1 \
   -bins {FB1.uB} -count 1 \
   -bins {FB1.uB TOP_IO_HT3_FB1_B5} -count 2 \
   -usage {LUT 1 }

cell_connections cout \
   -total_connections 3 \
   -assigned_bin FB1.uB -constrained_to FB1.uB -local_connections 1 \
   -bins {FB1.uA FB1.uB} -count 1 \
   -bins {FB1.uB} -count 1 \
   -bins {FB1.uB TOP_IO_HT3_FB1_B5} -count 1 \
   -usage {LUT 0 }


@S6 AP345 |Net and Global Routing Information
@N: AP305 |This section contains information only for nets that are external to FPGAs
@N: AP305 |The 'net_connections' reports in this section report only one cell or port per bin


@S6.1 AP346 |Routed Nets

net_attribute -tdm_qualified 0 b
net_connections -num_pins 2 b \
   -sink_cell {FB1.uA u1}
# route tree for b
# TOP_IO_HT3_FB1_B5 (R) (L 0)->(TOP_IO_HT3_FB1_B5)->FB1.uB (L 1)->(T_FB1.uA_FB1.uB_2)->FB1.uA (L 2)
global_route b \
   -feedthrough -from TOP_IO_HT3_FB1_B5 -to FB1.uA -through {FB1.uB} -using {TOP_IO_HT3_FB1_B5 T_FB1.uA_FB1.uB_2}

net_attribute -tdm_qualified 0 a
net_connections -num_pins 2 a \
   -sink_cell {FB1.uA u1}
# route tree for a
# TOP_IO_HT3_FB1_B5 (R) (L 0)->(TOP_IO_HT3_FB1_B5)->FB1.uB (L 1)->(FB1_A1_B19)->FB1.uA (L 2)
global_route a \
   -feedthrough -from TOP_IO_HT3_FB1_B5 -to FB1.uA -through {FB1.uB} -using {TOP_IO_HT3_FB1_B5 FB1_A1_B19}

net_attribute -tdm_qualified 0 sum
net_connections -num_pins 2 sum \
   -sink_port {TOP_IO_HT3_FB1_B5 sum}
global_route sum \
   -from FB1.uB -to {TOP_IO_HT3_FB1_B5} -using TOP_IO_HT3_FB1_B5 -tdm DIRECT

net_attribute -tdm_qualified 0 ci
net_connections -num_pins 2 ci \
   -sink_cell {FB1.uB u2}
global_route ci \
   -from TOP_IO_HT3_FB1_B5 -to {FB1.uB} -using TOP_IO_HT3_FB1_B5 -tdm DIRECT

net_connections -num_pins 2 sum1 \
   -sink_cell {FB1.uB u2}
global_route sum1 \
   -from FB1.uA -to {FB1.uB} -using FB1_A2_B20 -tdm DIRECT

net_connections -num_pins 2 cout1 \
   -sink_cell {FB1.uB cout}
global_route cout1 \
   -from FB1.uA -to {FB1.uB} -using T_FB1.uA_FB1.uB_3 -tdm DIRECT

net_attribute -tdm_qualified 0 cout
net_connections -num_pins 2 cout \
   -sink_port {TOP_IO_HT3_FB1_B5 cout}
global_route cout \
   -from FB1.uB -to {TOP_IO_HT3_FB1_B5} -using TOP_IO_HT3_FB1_B5 -tdm DIRECT

