#
#Copyright (C) 1994-2021 Synopsys, Inc.
#This Synopsys software and all associated documentation are proprietary to Synopsys, Inc.
#and may only be used pursuant to the terms and conditions of a written license agreement
#with Synopsys, Inc. All other use, reproduction, modification, or distribution of the
#Synopsys software or the associated documentation is strictly prohibited.
#Tool: HAPS (R) ProtoCompiler 100
#Build: R-2020.12-SP1-1
#Install: /usr/cadtool/csr5306/synopsys/protocomp/R-2020.12-SP1-1
#OS: CentOS release 6.10 (Final)
#Hostname: ws32

#Database state : /home/m110/m110063541/synos/kai/Lab1_PCflow/UC_LED_DEMO/|sr0
#Synopsys ProtoCompiler Partitioner/Router, Version map202012pcp4, Build 193R, Built Apr  8 2022 21:27:09, @4216327



@S1 AP337 |Connection Model
connection_model DIRECT -modules { \
}
connection_model HSTDM_ERD -modules { \
   HSTDM_ERD_7 7
   HSTDM_ERD_15 15
   HSTDM_ERD_22 22
   HSTDM_ERD_30 30
   HSTDM_ERD_37 37
   HSTDM_ERD_45 45
   HSTDM_ERD_52 52
   HSTDM_ERD_60 60
   HSTDM_ERD_67 67
   HSTDM_ERD_75 75
   HSTDM_ERD_82 82
   HSTDM_ERD_90 90
   HSTDM_ERD_97 97
   HSTDM_ERD_105 105
   HSTDM_ERD_112 112
   HSTDM_ERD_120 120
   HSTDM_ERD_150 150
   HSTDM_ERD_180 180
   HSTDM_ERD_210 210
   HSTDM_ERD_240 240
}
connection_model ACPM -modules { \
   ACPM_2 2
   ACPM_3 3
   ACPM_4 4
   ACPM_5 5
   ACPM_6 6
   ACPM_7 7
   ACPM_8 8
   ACPM_9 9
   ACPM_10 10
   ACPM_11 11
   ACPM_12 12
   ACPM_13 13
   ACPM_14 14
   ACPM_15 15
   ACPM_16 16
   ACPM_17 17
   ACPM_18 18
   ACPM_19 19
   ACPM_20 20
   ACPM_24 24
   ACPM_28 28
   ACPM_32 32
}
connection_model HSTDM -modules { \
   HSTDM_8 8
   HSTDM_16 16
   HSTDM_24 24
   HSTDM_32 32
   HSTDM_40 40
   HSTDM_48 48
   HSTDM_56 56
   HSTDM_64 64
   HSTDM_72 72
   HSTDM_80 80
   HSTDM_88 88
   HSTDM_96 96
   HSTDM_104 104
   HSTDM_112 112
   HSTDM_120 120
   HSTDM_128 128
   HSTDM_160 160
   HSTDM_192 192
   HSTDM_224 224
   HSTDM_256 256
}
connection_model HSTDMSE -modules { \
   HSTDM_8 8
   HSTDM_16 16
   HSTDM_24 24
   HSTDM_32 32
   HSTDM_40 40
   HSTDM_48 48
   HSTDM_56 56
   HSTDM_64 64
   HSTDM_72 72
   HSTDM_80 80
   HSTDM_88 88
   HSTDM_96 96
   HSTDM_104 104
   HSTDM_112 112
   HSTDM_120 120
   HSTDM_128 128
   HSTDM_160 160
   HSTDM_192 192
   HSTDM_224 224
   HSTDM_256 256
}
connection_model HSTDMSE_ERD -modules { \
   HSTDM_ERD_7 7
   HSTDM_ERD_15 15
   HSTDM_ERD_22 22
   HSTDM_ERD_30 30
   HSTDM_ERD_37 37
   HSTDM_ERD_45 45
   HSTDM_ERD_52 52
   HSTDM_ERD_60 60
   HSTDM_ERD_67 67
   HSTDM_ERD_75 75
   HSTDM_ERD_82 82
   HSTDM_ERD_90 90
   HSTDM_ERD_97 97
   HSTDM_ERD_105 105
   HSTDM_ERD_112 112
   HSTDM_ERD_120 120
   HSTDM_ERD_150 150
   HSTDM_ERD_180 180
   HSTDM_ERD_210 210
   HSTDM_ERD_240 240
}
connection_model MGTDM_Y -modules { \
   HSTDM_MGT_64 64
   HSTDM_MGT_128 128
   HSTDM_MGT_256 256
   HSTDM_MGT_512 512
   HSTDM_MGT_1024 1024
}
connection_model MGTDM -modules { \
   HSTDM_ERD_MGT_256 256
   HSTDM_ERD_MGT_512 512
   HSTDM_ERD_MGT_1024 1024
}

@S2 AP248 |Feedthrough Insertion and Net Splitting

modify_net -feedthrough FB1.uB -orig_net A[6] -in_net A[6] -out_net A_aptn_ft[6]
modify_net -disconnect A[6] -connect A_aptn_ft[6] -to FPGA FB1.uA
modify_net -feedthrough FB1.uB -orig_net in_valid -in_net in_valid -out_net in_valid_aptn_ft
modify_net -disconnect in_valid -connect in_valid_aptn_ft -to FPGA FB1.uA
modify_net -feedthrough FB1.uB -orig_net A[1] -in_net A[1] -out_net A_aptn_ft[1]
modify_net -disconnect A[1] -connect A_aptn_ft[1] -to FPGA FB1.uA
modify_net -feedthrough FB1.uB -orig_net B[1] -in_net B[1] -out_net B_aptn_ft[1]
modify_net -disconnect B[1] -connect B_aptn_ft[1] -to FPGA FB1.uA
modify_net -feedthrough FB1.uB -orig_net A[2] -in_net A[2] -out_net A_aptn_ft[2]
modify_net -disconnect A[2] -connect A_aptn_ft[2] -to FPGA FB1.uA
modify_net -split -orig_net out_valid -new_net out_valid_aptn_s -from FPGA FB1.uB
modify_net -disconnect out_valid -connect out_valid_aptn_s -to Port out_valid
modify_net -feedthrough FB1.uB -orig_net B[5] -in_net B[5] -out_net B_aptn_ft[5]
modify_net -disconnect B[5] -connect B_aptn_ft[5] -to FPGA FB1.uA
modify_net -feedthrough FB1.uB -orig_net B[6] -in_net B[6] -out_net B_aptn_ft[6]
modify_net -disconnect B[6] -connect B_aptn_ft[6] -to FPGA FB1.uA
modify_net -feedthrough FB1.uB -orig_net A[7] -in_net A[7] -out_net A_aptn_ft[7]
modify_net -disconnect A[7] -connect A_aptn_ft[7] -to FPGA FB1.uA
modify_net -feedthrough FB1.uB -orig_net B[0] -in_net B[0] -out_net B_aptn_ft[0]
modify_net -disconnect B[0] -connect B_aptn_ft[0] -to FPGA FB1.uA
modify_net -feedthrough FB1.uB -orig_net B[3] -in_net B[3] -out_net B_aptn_ft[3]
modify_net -disconnect B[3] -connect B_aptn_ft[3] -to FPGA FB1.uA
modify_net -disconnect rst_n -connect rst_n -to FPGA FB1.uB -routing_tree_level 2
modify_net -feedthrough FB1.uB -orig_net A[4] -in_net A[4] -out_net A_aptn_ft[4]
modify_net -disconnect A[4] -connect A_aptn_ft[4] -to FPGA FB1.uA
modify_net -feedthrough FB1.uB -orig_net B[4] -in_net B[4] -out_net B_aptn_ft[4]
modify_net -disconnect B[4] -connect B_aptn_ft[4] -to FPGA FB1.uA
modify_net -feedthrough FB1.uB -orig_net A[5] -in_net A[5] -out_net A_aptn_ft[5]
modify_net -disconnect A[5] -connect A_aptn_ft[5] -to FPGA FB1.uA
modify_net -feedthrough FB1.uB -orig_net A[0] -in_net A[0] -out_net A_aptn_ft[0]
modify_net -disconnect A[0] -connect A_aptn_ft[0] -to FPGA FB1.uA
modify_net -feedthrough FB1.uB -orig_net B[7] -in_net B[7] -out_net B_aptn_ft[7]
modify_net -disconnect B[7] -connect B_aptn_ft[7] -to FPGA FB1.uA
modify_net -feedthrough FB1.uB -orig_net A[3] -in_net A[3] -out_net A_aptn_ft[3]
modify_net -disconnect A[3] -connect A_aptn_ft[3] -to FPGA FB1.uA
modify_net -feedthrough FB1.uB -orig_net B[2] -in_net B[2] -out_net B_aptn_ft[2]
modify_net -disconnect B[2] -connect B_aptn_ft[2] -to FPGA FB1.uA
reset_synchronize -net {rst_n} -sync_ff {aptn_reset_sync_rst_n} -pipeline_stages 5 -extra_pipeline_stages 2 -init 0 -bins {FB1.uA:5 FB1.uB:4} -no_of_regs {FB1.uA:6 FB1.uB:4 }

@S3 AP345 |Net and Global Routing Information
@N: AP305 |This section contains information only for nets that are external to FPGAs

@S3.1 AP346 |Routed Nets

net_attribute -tdm_qualified 0 B_aptn_ft[2]
global_route B_aptn_ft[2] -slack_pre_tdm 45 -slack_post_tdm 31 \
   -from FB1.uB -to {FB1.uA} -using FB1_A1_B19_1 -tdm DIRECT

net_attribute -tdm_qualified 0 A_aptn_ft[0]
global_route A_aptn_ft[0] -slack_pre_tdm 45 -slack_post_tdm 33 \
   -from FB1.uB -to {FB1.uA} -using T_FB1.uA_FB1.uB_2 -tdm DIRECT

net_attribute -tdm_qualified 0 A_aptn_ft[5]
global_route A_aptn_ft[5] -slack_pre_tdm 45 -slack_post_tdm 31 \
   -from FB1.uB -to {FB1.uA} -using FB1_A1_B19_1 -tdm DIRECT

net_attribute -tdm_qualified 0 B_aptn_ft[4]
global_route B_aptn_ft[4] -slack_pre_tdm 45 -slack_post_tdm 31 \
   -from FB1.uB -to {FB1.uA} -using FB1_A1_B19 -tdm DIRECT

net_attribute -tdm_qualified 0 A_aptn_ft[4]
global_route A_aptn_ft[4] -slack_pre_tdm 45 -slack_post_tdm 31 \
   -from FB1.uB -to {FB1.uA} -using FB1_A1_B19_1 -tdm DIRECT

net_attribute -tdm_qualified 0 B_aptn_ft[0]
global_route B_aptn_ft[0] -slack_pre_tdm 45 -slack_post_tdm 31 \
   -from FB1.uB -to {FB1.uA} -using FB1_A1_B19_1 -tdm DIRECT

net_attribute -tdm_qualified 0 A_aptn_ft[7]
global_route A_aptn_ft[7] -slack_pre_tdm 45 -slack_post_tdm 31 \
   -from FB1.uB -to {FB1.uA} -using FB1_A1_B19_1 -tdm DIRECT

net_attribute -tdm_qualified 0 out_valid_aptn_s
global_route out_valid_aptn_s -slack_pre_tdm 43 -slack_post_tdm 38 \
   -from FB1.uB -to {TOP_IO_HT3_FB1_B5} -using TOP_IO_HT3_FB1_B5 -tdm DIRECT

net_attribute -tdm_qualified 0 B_aptn_ft[3]
global_route B_aptn_ft[3] -slack_pre_tdm 45 -slack_post_tdm 31 \
   -from FB1.uB -to {FB1.uA} -using FB1_A1_B19 -tdm DIRECT

net_attribute -tdm_qualified 0 B_aptn_ft[1]
global_route B_aptn_ft[1] -slack_pre_tdm 45 -slack_post_tdm 31 \
   -from FB1.uB -to {FB1.uA} -using FB1_A1_B19_1 -tdm DIRECT

net_attribute -tdm_qualified 0 A_aptn_ft[1]
global_route A_aptn_ft[1] -slack_pre_tdm 45 -slack_post_tdm 33 \
   -from FB1.uB -to {FB1.uA} -using T_FB1.uA_FB1.uB_2 -tdm DIRECT

net_attribute -tdm_qualified 0 A_aptn_ft[6]
global_route A_aptn_ft[6] -slack_pre_tdm 45 -slack_post_tdm 31 \
   -from FB1.uB -to {FB1.uA} -using FB1_A1_B19_1 -tdm DIRECT

net_attribute -tdm_qualified 0 quotient[7]
global_route quotient[7] -slack_pre_tdm 43 -slack_post_tdm 38 \
   -from FB1.uB -to {TOP_IO_HT3_FB1_B5} -using TOP_IO_HT3_FB1_B5 -tdm DIRECT

net_attribute -tdm_qualified 0 quotient[5]
global_route quotient[5] -slack_pre_tdm 43 -slack_post_tdm 38 \
   -from FB1.uB -to {TOP_IO_HT3_FB1_B5} -using TOP_IO_HT3_FB1_B5 -tdm DIRECT

net_attribute -tdm_qualified 0 quotient[4]
global_route quotient[4] -slack_pre_tdm 43 -slack_post_tdm 38 \
   -from FB1.uB -to {TOP_IO_HT3_FB1_B5} -using TOP_IO_HT3_FB1_B5 -tdm DIRECT

net_attribute -tdm_qualified 0 quotient[0]
global_route quotient[0] -slack_pre_tdm 43 -slack_post_tdm 38 \
   -from FB1.uB -to {TOP_IO_HT3_FB1_B5} -using TOP_IO_HT3_FB1_B5 -tdm DIRECT

net_attribute -tdm_qualified 0 remainder[6]
global_route remainder[6] -slack_pre_tdm 43 -slack_post_tdm 38 \
   -from FB1.uB -to {TOP_IO_HT3_FB1_B5} -using TOP_IO_HT3_FB1_B5 -tdm DIRECT

net_attribute -tdm_qualified 0 remainder[2]
global_route remainder[2] -slack_pre_tdm 43 -slack_post_tdm 38 \
   -from FB1.uB -to {TOP_IO_HT3_FB1_B5} -using TOP_IO_HT3_FB1_B5 -tdm DIRECT

net_attribute -tdm_qualified 0 remainder[0]
global_route remainder[0] -slack_pre_tdm 43 -slack_post_tdm 38 \
   -from FB1.uB -to {TOP_IO_HT3_FB1_B5} -using TOP_IO_HT3_FB1_B5 -tdm DIRECT

net_attribute -tdm_qualified 0 A[7]
global_route A[7] -slack_pre_tdm 45 -slack_post_tdm 31 \
   -from TOP_IO_HT3_FB1_B5 -to {FB1.uB} -using TOP_IO_HT3_FB1_B5 -tdm DIRECT

net_attribute -tdm_qualified 0 A[5]
global_route A[5] -slack_pre_tdm 45 -slack_post_tdm 31 \
   -from TOP_IO_HT3_FB1_B5 -to {FB1.uB} -using TOP_IO_HT3_FB1_B5 -tdm DIRECT

net_attribute -tdm_qualified 0 remainder[4]
global_route remainder[4] -slack_pre_tdm 43 -slack_post_tdm 38 \
   -from FB1.uB -to {TOP_IO_HT3_FB1_B5} -using TOP_IO_HT3_FB1_B5 -tdm DIRECT

net_attribute -tdm_qualified 0 A[4]
global_route A[4] -slack_pre_tdm 45 -slack_post_tdm 31 \
   -from TOP_IO_HT3_FB1_B5 -to {FB1.uB} -using TOP_IO_HT3_FB1_B5 -tdm DIRECT

net_attribute -tdm_qualified 0 A[3]
global_route A[3] -slack_pre_tdm 45 -slack_post_tdm 31 \
   -from TOP_IO_HT3_FB1_B5 -to {FB1.uB} -using TOP_IO_HT3_FB1_B5 -tdm DIRECT

net_attribute -tdm_qualified 0 A[2]
global_route A[2] -slack_pre_tdm 45 -slack_post_tdm 33 \
   -from TOP_IO_HT3_FB1_B5 -to {FB1.uB} -using TOP_IO_HT3_FB1_B5 -tdm DIRECT

net_attribute -tdm_qualified 0 A[1]
global_route A[1] -slack_pre_tdm 45 -slack_post_tdm 33 \
   -from TOP_IO_HT3_FB1_B5 -to {FB1.uB} -using TOP_IO_HT3_FB1_B5 -tdm DIRECT

global_route input_A[6] -multi_hop 3 -slack_pre_tdm 37 -slack_post_tdm 11 \
   -from FB1.uA -to {FB1.uB} -using FB1_A1_B19_1 -tdm DIRECT

global_route input_A[4] -multi_hop 3 -slack_pre_tdm 38 -slack_post_tdm 13 \
   -from FB1.uA -to {FB1.uB} -using T_FB1.uA_FB1.uB_3 -tdm DIRECT

global_route input_A[3] -multi_hop 3 -slack_pre_tdm 38 -slack_post_tdm 12 \
   -from FB1.uA -to {FB1.uB} -using FB1_A1_B19_1 -tdm DIRECT

global_route input_A[2] -multi_hop 3 -slack_pre_tdm 38 -slack_post_tdm 14 \
   -from FB1.uA -to {FB1.uB} -using T_FB1.uA_FB1.uB_2 -tdm DIRECT

global_route input_A[1] -multi_hop 3 -slack_pre_tdm 38 -slack_post_tdm 13 \
   -from FB1.uA -to {FB1.uB} -using T_FB1.uA_FB1.uB_3 -tdm DIRECT

global_route input_A[7] -multi_hop 3 -slack_pre_tdm 37 -slack_post_tdm 12 \
   -from FB1.uA -to {FB1.uB} -using T_FB1.uA_FB1.uB_3 -tdm DIRECT

net_attribute -tdm_qualified 0 B[7]
global_route B[7] -slack_pre_tdm 45 -slack_post_tdm 31 \
   -from TOP_IO_HT3_FB1_B5 -to {FB1.uB} -using TOP_IO_HT3_FB1_B5 -tdm DIRECT

net_attribute -tdm_qualified 0 A[0]
global_route A[0] -slack_pre_tdm 45 -slack_post_tdm 33 \
   -from TOP_IO_HT3_FB1_B5 -to {FB1.uB} -using TOP_IO_HT3_FB1_B5 -tdm DIRECT

net_attribute -tdm_qualified 0 B[4]
global_route B[4] -slack_pre_tdm 45 -slack_post_tdm 31 \
   -from TOP_IO_HT3_FB1_B5 -to {FB1.uB} -using TOP_IO_HT3_FB1_B5 -tdm DIRECT

net_attribute -tdm_qualified 0 B[3]
global_route B[3] -slack_pre_tdm 45 -slack_post_tdm 31 \
   -from TOP_IO_HT3_FB1_B5 -to {FB1.uB} -using TOP_IO_HT3_FB1_B5 -tdm DIRECT

net_attribute -tdm_qualified 0 B[1]
global_route B[1] -slack_pre_tdm 45 -slack_post_tdm 31 \
   -from TOP_IO_HT3_FB1_B5 -to {FB1.uB} -using TOP_IO_HT3_FB1_B5 -tdm DIRECT

net_attribute -tdm_qualified 0 B[2]
global_route B[2] -slack_pre_tdm 45 -slack_post_tdm 31 \
   -from TOP_IO_HT3_FB1_B5 -to {FB1.uB} -using TOP_IO_HT3_FB1_B5 -tdm DIRECT

global_route un1_count_1[3] -multi_hop 3 -slack_pre_tdm 37 -slack_post_tdm 14 \
   -from FB1.uB -to {FB1.uA} -using T_FB1.uA_FB1.uB_1 -tdm DIRECT

net_attribute -tdm_qualified 0 remainder[1]
global_route remainder[1] -slack_pre_tdm 43 -slack_post_tdm 38 \
   -from FB1.uB -to {TOP_IO_HT3_FB1_B5} -using TOP_IO_HT3_FB1_B5 -tdm DIRECT

global_route un1_count_1[1] -multi_hop 4 -slack_pre_tdm 37 -slack_post_tdm 4 \
   -from FB1.uB -to {FB1.uA} -using T_FB1.uA_FB1.uB_1 -tdm DIRECT

global_route input_B[7] -multi_hop 3 -slack_pre_tdm 37 -slack_post_tdm 12 \
   -from FB1.uA -to {FB1.uB} -using T_FB1.uA_FB1.uB_1 -tdm DIRECT

global_route input_A[0] -multi_hop 3 -slack_pre_tdm 38 -slack_post_tdm 14 \
   -from FB1.uA -to {FB1.uB} -using T_FB1.uA_FB1.uB_2 -tdm DIRECT

global_route input_B[6] -multi_hop 3 -slack_pre_tdm 37 -slack_post_tdm 10 \
   -from FB1.uA -to {FB1.uB} -using FB1_A1_B19_1 -tdm DIRECT

global_route input_B[3] -multi_hop 3 -slack_pre_tdm 37 -slack_post_tdm 10 \
   -from FB1.uA -to {FB1.uB} -using FB1_A1_B19_1 -tdm DIRECT

global_route input_B[1] -multi_hop 3 -slack_pre_tdm 37 -slack_post_tdm 12 \
   -from FB1.uA -to {FB1.uB} -using T_FB1.uA_FB1.uB_1 -tdm DIRECT

global_route input_B[0] -multi_hop 3 -slack_pre_tdm 37 -slack_post_tdm 10 \
   -from FB1.uA -to {FB1.uB} -using FB1_A1_B19_1 -tdm DIRECT

net_attribute -tdm_qualified 0 out_valid
global_route out_valid -multi_hop 3 -slack_pre_tdm 43 -slack_post_tdm 16 \
   -from FB1.uB -to {FB1.uA} -using FB1_A1_B19 -tdm DIRECT

net_attribute -tdm_qualified 0 quotient[6]
global_route quotient[6] -slack_pre_tdm 43 -slack_post_tdm 38 \
   -from FB1.uB -to {TOP_IO_HT3_FB1_B5} -using TOP_IO_HT3_FB1_B5 -tdm DIRECT

net_attribute -tdm_qualified 0 in_valid
global_route in_valid -multi_hop 3 -slack_pre_tdm 39 -slack_post_tdm 7 \
   -from TOP_IO_HT3_FB1_B5 -to {FB1.uB} -using TOP_IO_HT3_FB1_B5 -tdm DIRECT

net_attribute -tdm_qualified 0 remainder[5]
global_route remainder[5] -slack_pre_tdm 43 -slack_post_tdm 38 \
   -from FB1.uB -to {TOP_IO_HT3_FB1_B5} -using TOP_IO_HT3_FB1_B5 -tdm DIRECT

net_attribute -tdm_qualified 0 quotient[1]
global_route quotient[1] -slack_pre_tdm 43 -slack_post_tdm 38 \
   -from FB1.uB -to {TOP_IO_HT3_FB1_B5} -using TOP_IO_HT3_FB1_B5 -tdm DIRECT

net_attribute -tdm_qualified 0 -is_async 1 -feedthrough_allowed 0 un1_rst_n
global_route un1_rst_n -slack_pre_tdm 42 -slack_post_tdm 33 \
   -from FB1.uB -to {FB1.uA} -using FB1_A1_B19 -tdm DIRECT

global_route un1_count_8[3] -multi_hop 4 -slack_pre_tdm 39 -slack_post_tdm 6 \
   -from FB1.uB -to {FB1.uA} -using FB1_A2_B20 -tdm DIRECT

global_route un1_count_8[2] -multi_hop 4 -slack_pre_tdm 39 -slack_post_tdm 6 \
   -from FB1.uB -to {FB1.uA} -using FB1_A2_B20 -tdm DIRECT

global_route input_A_dec[7] -multi_hop 5 -slack_pre_tdm 32 -slack_post_tdm -10 \
   -from FB1.uA -to {FB1.uB} -using FB1_A1_B19_1 -tdm DIRECT

global_route input_A_dec[6] -multi_hop 5 -slack_pre_tdm 32 -slack_post_tdm -10 \
   -from FB1.uA -to {FB1.uB} -using FB1_A1_B19_1 -tdm DIRECT

net_attribute -tdm_qualified 0 remainder[3]
global_route remainder[3] -slack_pre_tdm 43 -slack_post_tdm 38 \
   -from FB1.uB -to {TOP_IO_HT3_FB1_B5} -using TOP_IO_HT3_FB1_B5 -tdm DIRECT

global_route input_A_dec[2] -multi_hop 5 -slack_pre_tdm 32 -slack_post_tdm -9 \
   -from FB1.uA -to {FB1.uB} -using T_FB1.uA_FB1.uB_3 -tdm DIRECT

global_route un1_quotient_reg_1[7] -multi_hop 3 -slack_pre_tdm 37 -slack_post_tdm 11 \
   -from FB1.uA -to {FB1.uB} -using FB1_A1_B19 -tdm DIRECT

global_route un1_quotient_reg_1[4] -multi_hop 3 -slack_pre_tdm 37 -slack_post_tdm 11 \
   -from FB1.uA -to {FB1.uB} -using FB1_A1_B19 -tdm DIRECT

global_route count[1] -multi_hop 5 -slack_pre_tdm 37 -slack_post_tdm -5 \
   -from FB1.uA -to {FB1.uB} -using T_FB1.uA_FB1.uB_3 -tdm DIRECT

global_route un1_quotient_reg_1[1] -multi_hop 3 -slack_pre_tdm 37 -slack_post_tdm 11 \
   -from FB1.uA -to {FB1.uB} -using FB1_A1_B19 -tdm DIRECT

global_route count[3] -multi_hop 5 -slack_pre_tdm 37 -slack_post_tdm -4 \
   -from FB1.uA -to {FB1.uB} -using T_FB1.uA_FB1.uB_2 -tdm DIRECT

global_route un1_quotient_reg_1[0] -multi_hop 3 -slack_pre_tdm 37 -slack_post_tdm 13 \
   -from FB1.uA -to {FB1.uB} -using FB1_A2_B20 -tdm DIRECT

global_route un1_remainder_reg_1[6] -multi_hop 3 -slack_pre_tdm 37 -slack_post_tdm 10 \
   -from FB1.uB -to {FB1.uA} -using FB1_A2_B20 -tdm DIRECT

global_route un1_in_valid_6 -multi_hop 3 -slack_pre_tdm 37 -slack_post_tdm 15 \
   -from FB1.uA -to {FB1.uB} -using T_FB1.uA_FB1.uB_1 -tdm DIRECT

global_route un1_count_1[2] -multi_hop 4 -slack_pre_tdm 37 -slack_post_tdm 5 \
   -from FB1.uB -to {FB1.uA} -using T_FB1.uA_FB1.uB_1 -tdm DIRECT

global_route un1_remainder_reg_1[4] -multi_hop 3 -slack_pre_tdm 37 -slack_post_tdm 10 \
   -from FB1.uB -to {FB1.uA} -using FB1_A2_B20 -tdm DIRECT

global_route un1_remainder_reg_1[1] -multi_hop 3 -slack_pre_tdm 37 -slack_post_tdm 10 \
   -from FB1.uB -to {FB1.uA} -using FB1_A2_B20 -tdm DIRECT

global_route input_B[2] -multi_hop 3 -slack_pre_tdm 37 -slack_post_tdm 10 \
   -from FB1.uA -to {FB1.uB} -using FB1_A1_B19_1 -tdm DIRECT

global_route un1_remainder_reg_3[6] -multi_hop 3 -slack_pre_tdm 37 -slack_post_tdm 10 \
   -from FB1.uA -to {FB1.uB} -using FB1_A2_B20 -tdm DIRECT

global_route count[2] -multi_hop 5 -slack_pre_tdm 37 -slack_post_tdm -4 \
   -from FB1.uA -to {FB1.uB} -using T_FB1.uA_FB1.uB_2 -tdm DIRECT

net_attribute -tdm_qualified 0 A_aptn_ft[3]
global_route A_aptn_ft[3] -slack_pre_tdm 45 -slack_post_tdm 31 \
   -from FB1.uB -to {FB1.uA} -using FB1_A1_B19_1 -tdm DIRECT

net_attribute -tdm_qualified 0 B_aptn_ft[5]
global_route B_aptn_ft[5] -slack_pre_tdm 45 -slack_post_tdm 31 \
   -from FB1.uB -to {FB1.uA} -using FB1_A1_B19 -tdm DIRECT

global_route un1_remainder_reg_3[5] -multi_hop 3 -slack_pre_tdm 37 -slack_post_tdm 10 \
   -from FB1.uA -to {FB1.uB} -using FB1_A1_B19 -tdm DIRECT

net_attribute -tdm_qualified 0 A_aptn_ft[2]
global_route A_aptn_ft[2] -slack_pre_tdm 45 -slack_post_tdm 33 \
   -from FB1.uB -to {FB1.uA} -using T_FB1.uA_FB1.uB_2 -tdm DIRECT

global_route un1_remainder_reg_3[4] -multi_hop 3 -slack_pre_tdm 37 -slack_post_tdm 10 \
   -from FB1.uA -to {FB1.uB} -using FB1_A2_B20 -tdm DIRECT

global_route un1_remainder_reg_3[2] -multi_hop 3 -slack_pre_tdm 37 -slack_post_tdm 10 \
   -from FB1.uA -to {FB1.uB} -using FB1_A1_B19 -tdm DIRECT

global_route un1_quotient_reg_1[3] -multi_hop 3 -slack_pre_tdm 37 -slack_post_tdm 11 \
   -from FB1.uA -to {FB1.uB} -using FB1_A1_B19 -tdm DIRECT

global_route un1_remainder_reg_1[2] -multi_hop 3 -slack_pre_tdm 37 -slack_post_tdm 10 \
   -from FB1.uB -to {FB1.uA} -using FB1_A2_B20 -tdm DIRECT

global_route un1_remainder_reg_3[1] -multi_hop 3 -slack_pre_tdm 37 -slack_post_tdm 10 \
   -from FB1.uA -to {FB1.uB} -using FB1_A2_B20 -tdm DIRECT

global_route un1_quotient_reg_1[6] -multi_hop 3 -slack_pre_tdm 37 -slack_post_tdm 11 \
   -from FB1.uA -to {FB1.uB} -using FB1_A1_B19 -tdm DIRECT

global_route un1_remainder_reg_3[0] -multi_hop 5 -slack_pre_tdm 32 -slack_post_tdm -10 \
   -from FB1.uA -to {FB1.uB} -using FB1_A1_B19 -tdm DIRECT

global_route un1_remainder_reg_1[7] -multi_hop 3 -slack_pre_tdm 37 -slack_post_tdm 10 \
   -from FB1.uB -to {FB1.uA} -using FB1_A2_B20 -tdm DIRECT

global_route input_A_dec[3] -multi_hop 5 -slack_pre_tdm 32 -slack_post_tdm -10 \
   -from FB1.uA -to {FB1.uB} -using FB1_A1_B19_1 -tdm DIRECT

global_route un1_count_6[0] -multi_hop 5 -slack_pre_tdm 32 -slack_post_tdm -10 \
   -from FB1.uB -to {FB1.uA} -using FB1_A2_B20 -tdm DIRECT

global_route un1_quotient_reg_1[2] -multi_hop 3 -slack_pre_tdm 37 -slack_post_tdm 11 \
   -from FB1.uA -to {FB1.uB} -using FB1_A2_B20 -tdm DIRECT

global_route un1_in_valid_2 -multi_hop 4 -slack_pre_tdm 39 -slack_post_tdm 6 \
   -from FB1.uA -to {FB1.uB} -using FB1_A1_B19_1 -tdm DIRECT

global_route count[0] -multi_hop 5 -slack_pre_tdm 32 -slack_post_tdm -10 \
   -from FB1.uA -to {FB1.uB} -using T_FB1.uA_FB1.uB_3 -tdm DIRECT

net_attribute -tdm_qualified 0 remainder[7]
global_route remainder[7] -slack_pre_tdm 43 -slack_post_tdm 38 \
   -from FB1.uB -to {TOP_IO_HT3_FB1_B5} -using TOP_IO_HT3_FB1_B5 -tdm DIRECT

net_attribute -tdm_qualified 0 A[6]
global_route A[6] -slack_pre_tdm 45 -slack_post_tdm 31 \
   -from TOP_IO_HT3_FB1_B5 -to {FB1.uB} -using TOP_IO_HT3_FB1_B5 -tdm DIRECT

global_route quotient_reg[7] -multi_hop 2 -slack_pre_tdm 40 -slack_post_tdm 23 \
   -from FB1.uB -to {FB1.uA} -using T_FB1.uA_FB1.uB_3 -tdm DIRECT

global_route quotient_reg[3] -multi_hop 2 -slack_pre_tdm 40 -slack_post_tdm 23 \
   -from FB1.uB -to {FB1.uA} -using T_FB1.uA_FB1.uB_3 -tdm DIRECT

global_route quotient_reg[4] -multi_hop 2 -slack_pre_tdm 40 -slack_post_tdm 23 \
   -from FB1.uB -to {FB1.uA} -using T_FB1.uA_FB1.uB_3 -tdm DIRECT

global_route quotient_reg[0] -multi_hop 2 -slack_pre_tdm 40 -slack_post_tdm 23 \
   -from FB1.uB -to {FB1.uA} -using T_FB1.uA_FB1.uB_3 -tdm DIRECT

net_attribute -tdm_qualified 0 B_aptn_ft[6]
global_route B_aptn_ft[6] -slack_pre_tdm 45 -slack_post_tdm 31 \
   -from FB1.uB -to {FB1.uA} -using FB1_A1_B19 -tdm DIRECT

global_route un1_remainder_reg_1[3] -multi_hop 3 -slack_pre_tdm 37 -slack_post_tdm 10 \
   -from FB1.uB -to {FB1.uA} -using FB1_A2_B20 -tdm DIRECT

global_route un1_remainder_reg_1[0] -multi_hop 3 -slack_pre_tdm 37 -slack_post_tdm 10 \
   -from FB1.uB -to {FB1.uA} -using FB1_A2_B20 -tdm DIRECT

global_route un1_quotient_reg[7] -multi_hop 3 -slack_pre_tdm 40 -slack_post_tdm 18 \
   -from FB1.uA -to {FB1.uB} -using T_FB1.uA_FB1.uB_1 -tdm DIRECT

global_route input_A_dec[5] -multi_hop 5 -slack_pre_tdm 32 -slack_post_tdm -9 \
   -from FB1.uA -to {FB1.uB} -using T_FB1.uA_FB1.uB_3 -tdm DIRECT

global_route un1_quotient_reg[6] -multi_hop 3 -slack_pre_tdm 40 -slack_post_tdm 16 \
   -from FB1.uA -to {FB1.uB} -using FB1_A1_B19 -tdm DIRECT

global_route un1_quotient_reg[5] -multi_hop 3 -slack_pre_tdm 40 -slack_post_tdm 18 \
   -from FB1.uA -to {FB1.uB} -using T_FB1.uA_FB1.uB_1 -tdm DIRECT

global_route un1_quotient_reg[1] -multi_hop 3 -slack_pre_tdm 40 -slack_post_tdm 16 \
   -from FB1.uA -to {FB1.uB} -using FB1_A1_B19_1 -tdm DIRECT

global_route input_B[4] -multi_hop 3 -slack_pre_tdm 37 -slack_post_tdm 12 \
   -from FB1.uA -to {FB1.uB} -using T_FB1.uA_FB1.uB_1 -tdm DIRECT

global_route un1_count_8[0] -multi_hop 4 -slack_pre_tdm 39 -slack_post_tdm 6 \
   -from FB1.uB -to {FB1.uA} -using FB1_A2_B20 -tdm DIRECT

global_route un1_quotient_reg[2] -multi_hop 3 -slack_pre_tdm 40 -slack_post_tdm 18 \
   -from FB1.uA -to {FB1.uB} -using T_FB1.uA_FB1.uB_1 -tdm DIRECT

global_route un1_remainder_reg_1[5] -multi_hop 3 -slack_pre_tdm 37 -slack_post_tdm 10 \
   -from FB1.uB -to {FB1.uA} -using FB1_A2_B20 -tdm DIRECT

net_attribute -tdm_qualified 0 B[0]
global_route B[0] -slack_pre_tdm 45 -slack_post_tdm 31 \
   -from TOP_IO_HT3_FB1_B5 -to {FB1.uB} -using TOP_IO_HT3_FB1_B5 -tdm DIRECT

global_route un1_quotient_reg[0] -multi_hop 3 -slack_pre_tdm 40 -slack_post_tdm 16 \
   -from FB1.uA -to {FB1.uB} -using FB1_A1_B19_1 -tdm DIRECT

global_route quotient_reg[1] -multi_hop 2 -slack_pre_tdm 40 -slack_post_tdm 23 \
   -from FB1.uB -to {FB1.uA} -using T_FB1.uA_FB1.uB_3 -tdm DIRECT

global_route input_B[5] -multi_hop 3 -slack_pre_tdm 37 -slack_post_tdm 10 \
   -from FB1.uA -to {FB1.uB} -using FB1_A1_B19_1 -tdm DIRECT

global_route quotient_reg[2] -multi_hop 2 -slack_pre_tdm 40 -slack_post_tdm 23 \
   -from FB1.uB -to {FB1.uA} -using T_FB1.uA_FB1.uB_3 -tdm DIRECT

global_route remainder_reg[7] -multi_hop 3 -slack_pre_tdm 39 -slack_post_tdm 14 \
   -from FB1.uB -to {FB1.uA} -using T_FB1.uA_FB1.uB_1 -tdm DIRECT

net_attribute -tdm_qualified 0 B[6]
global_route B[6] -slack_pre_tdm 45 -slack_post_tdm 31 \
   -from TOP_IO_HT3_FB1_B5 -to {FB1.uB} -using TOP_IO_HT3_FB1_B5 -tdm DIRECT

global_route remainder_reg[6] -multi_hop 3 -slack_pre_tdm 39 -slack_post_tdm 14 \
   -from FB1.uB -to {FB1.uA} -using T_FB1.uA_FB1.uB_1 -tdm DIRECT

global_route input_A_dec[0] -multi_hop 5 -slack_pre_tdm 33 -slack_post_tdm -8 \
   -from FB1.uA -to {FB1.uB} -using T_FB1.uA_FB1.uB_3 -tdm DIRECT

net_attribute -tdm_qualified 0 quotient[2]
global_route quotient[2] -slack_pre_tdm 43 -slack_post_tdm 38 \
   -from FB1.uB -to {TOP_IO_HT3_FB1_B5} -using TOP_IO_HT3_FB1_B5 -tdm DIRECT

global_route remainder_reg[2] -multi_hop 3 -slack_pre_tdm 39 -slack_post_tdm 13 \
   -from FB1.uB -to {FB1.uA} -using T_FB1.uA_FB1.uB_3 -tdm DIRECT

global_route un1_quotient_reg[4] -multi_hop 3 -slack_pre_tdm 40 -slack_post_tdm 16 \
   -from FB1.uA -to {FB1.uB} -using FB1_A1_B19 -tdm DIRECT

global_route remainder_reg[1] -multi_hop 3 -slack_pre_tdm 39 -slack_post_tdm 13 \
   -from FB1.uB -to {FB1.uA} -using T_FB1.uA_FB1.uB_3 -tdm DIRECT

global_route remainder_reg[5] -multi_hop 3 -slack_pre_tdm 39 -slack_post_tdm 14 \
   -from FB1.uB -to {FB1.uA} -using T_FB1.uA_FB1.uB_1 -tdm DIRECT

global_route un1_remainder_reg_2[6] -multi_hop 3 -slack_pre_tdm 40 -slack_post_tdm 16 \
   -from FB1.uA -to {FB1.uB} -using FB1_A2_B20 -tdm DIRECT

global_route input_A[5] -multi_hop 3 -slack_pre_tdm 38 -slack_post_tdm 12 \
   -from FB1.uA -to {FB1.uB} -using FB1_A1_B19_1 -tdm DIRECT

global_route input_A_pmux -multi_hop 5 -slack_pre_tdm 32 -slack_post_tdm -10 \
   -from FB1.uB -to {FB1.uA} -using T_FB1.uA_FB1.uB_3 -tdm DIRECT

global_route un1_remainder_reg_3[7] -multi_hop 3 -slack_pre_tdm 37 -slack_post_tdm 10 \
   -from FB1.uA -to {FB1.uB} -using FB1_A1_B19 -tdm DIRECT

global_route un1_quotient_reg[3] -multi_hop 3 -slack_pre_tdm 40 -slack_post_tdm 16 \
   -from FB1.uA -to {FB1.uB} -using FB1_A1_B19 -tdm DIRECT

global_route remainder_reg[0] -multi_hop 3 -slack_pre_tdm 39 -slack_post_tdm 13 \
   -from FB1.uB -to {FB1.uA} -using T_FB1.uA_FB1.uB_3 -tdm DIRECT

global_route un1_remainder_reg_2[7] -multi_hop 3 -slack_pre_tdm 40 -slack_post_tdm 16 \
   -from FB1.uA -to {FB1.uB} -using FB1_A2_B20 -tdm DIRECT

global_route remainder_reg[4] -multi_hop 3 -slack_pre_tdm 39 -slack_post_tdm 14 \
   -from FB1.uB -to {FB1.uA} -using T_FB1.uA_FB1.uB_1 -tdm DIRECT

global_route remainder_reg[3] -multi_hop 3 -slack_pre_tdm 39 -slack_post_tdm 14 \
   -from FB1.uB -to {FB1.uA} -using T_FB1.uA_FB1.uB_1 -tdm DIRECT

global_route input_A_dec[1] -multi_hop 5 -slack_pre_tdm 33 -slack_post_tdm -9 \
   -from FB1.uA -to {FB1.uB} -using FB1_A1_B19_1 -tdm DIRECT

global_route un1_remainder_reg_2[5] -multi_hop 3 -slack_pre_tdm 40 -slack_post_tdm 16 \
   -from FB1.uA -to {FB1.uB} -using FB1_A1_B19 -tdm DIRECT

global_route un1_remainder_reg_2[4] -multi_hop 3 -slack_pre_tdm 40 -slack_post_tdm 16 \
   -from FB1.uA -to {FB1.uB} -using FB1_A1_B19 -tdm DIRECT

global_route un1_remainder_reg_2[3] -multi_hop 3 -slack_pre_tdm 40 -slack_post_tdm 16 \
   -from FB1.uA -to {FB1.uB} -using FB1_A2_B20 -tdm DIRECT

net_attribute -tdm_qualified 0 B[5]
global_route B[5] -slack_pre_tdm 45 -slack_post_tdm 31 \
   -from TOP_IO_HT3_FB1_B5 -to {FB1.uB} -using TOP_IO_HT3_FB1_B5 -tdm DIRECT

global_route un1_remainder_reg_2[2] -multi_hop 3 -slack_pre_tdm 40 -slack_post_tdm 16 \
   -from FB1.uA -to {FB1.uB} -using FB1_A2_B20 -tdm DIRECT

global_route un1_remainder_reg_2[1] -multi_hop 3 -slack_pre_tdm 40 -slack_post_tdm 16 \
   -from FB1.uA -to {FB1.uB} -using FB1_A2_B20 -tdm DIRECT

global_route quotient_reg[6] -multi_hop 2 -slack_pre_tdm 40 -slack_post_tdm 23 \
   -from FB1.uB -to {FB1.uA} -using T_FB1.uA_FB1.uB_3 -tdm DIRECT

net_attribute -tdm_qualified 0 in_valid_aptn_ft
global_route in_valid_aptn_ft -multi_hop 3 -slack_pre_tdm 39 -slack_post_tdm 7 \
   -from FB1.uB -to {FB1.uA} -using FB1_A1_B19 -tdm DIRECT

global_route un1_count_8[1] -multi_hop 4 -slack_pre_tdm 39 -slack_post_tdm 6 \
   -from FB1.uB -to {FB1.uA} -using FB1_A2_B20 -tdm DIRECT

global_route un1_remainder_reg_2[0] -multi_hop 3 -slack_pre_tdm 40 -slack_post_tdm 16 \
   -from FB1.uA -to {FB1.uB} -using FB1_A1_B19 -tdm DIRECT

global_route un1_quotient_reg_1[5] -multi_hop 3 -slack_pre_tdm 37 -slack_post_tdm 11 \
   -from FB1.uA -to {FB1.uB} -using FB1_A2_B20 -tdm DIRECT

net_attribute -tdm_qualified 0 rst_n
global_route rst_n -slack_pre_tdm 43 -slack_post_tdm 34 \
   -from FB1.uA -to {FB1.uB} -using FB1_A1_B19_1 -tdm DIRECT

global_route un1_remainder_reg_3[3] -multi_hop 3 -slack_pre_tdm 37 -slack_post_tdm 10 \
   -from FB1.uA -to {FB1.uB} -using FB1_A1_B19 -tdm DIRECT

global_route quotient_reg[5] -multi_hop 2 -slack_pre_tdm 40 -slack_post_tdm 23 \
   -from FB1.uB -to {FB1.uA} -using T_FB1.uA_FB1.uB_3 -tdm DIRECT

net_attribute -function GCLK -tdm_qualified 0 -is_clock 1 -feedthrough_allowed 0 clk1
global_route clk1 -slack_pre_tdm 100000 -slack_post_tdm 100000 \
   -from FB1.PLL1 -to {FB1.uA FB1.uB} -using T_FB1.PLL1_FB1.uA_FB1.uB_1 -tdm DIRECT

net_attribute -tdm_qualified 0 quotient[3]
global_route quotient[3] -slack_pre_tdm 43 -slack_post_tdm 38 \
   -from FB1.uB -to {TOP_IO_HT3_FB1_B5} -using TOP_IO_HT3_FB1_B5 -tdm DIRECT

net_attribute -tdm_qualified 0 B_aptn_ft[7]
global_route B_aptn_ft[7] -slack_pre_tdm 45 -slack_post_tdm 31 \
   -from FB1.uB -to {FB1.uA} -using FB1_A1_B19 -tdm DIRECT

global_route input_A_dec[4] -multi_hop 5 -slack_pre_tdm 32 -slack_post_tdm -9 \
   -from FB1.uA -to {FB1.uB} -using T_FB1.uA_FB1.uB_3 -tdm DIRECT


@S4 AP306 |Detailed Routing Information
@N: AP306 |This section contains information only for nets which are assigned to board traces

@S4.1 AP348 |Trace Assignments

assign_trace un1_quotient_reg[7] FB1.AI1_N[7]
assign_trace un1_quotient_reg[5] FB1.AI1_N[8]
assign_trace un1_quotient_reg[2] FB1.AI1_N[9]
assign_trace un1_in_valid_6 FB1.AI1_N[10]
assign_trace input_B[7] FB1.AI1_N[15]
assign_trace input_B[4] FB1.AI1_N[16]
assign_trace input_B[1] FB1.AI1_N[17]
assign_trace input_A[2] FB1.AI2_N[9]
assign_trace input_A[0] FB1.AI2_P[9]
assign_trace count[3] FB1.AI2_U[1]
assign_trace count[2] FB1.AI2_U[2]
assign_trace input_A_dec[5] FB1.AI3_N[1]
assign_trace input_A_dec[4] FB1.AI3_N[2]
assign_trace input_A_dec[2] FB1.AI3_N[3]
assign_trace input_A_dec[0] FB1.AI3_N[4]
assign_trace input_A[7] FB1.AI3_N[5]
assign_trace input_A[4] FB1.AI3_N[6]
assign_trace input_A[1] FB1.AI3_N[7]
assign_trace count[1] FB1.AI3_N[8]
assign_trace count[0] FB1.AI3_N[9]
assign_trace un1_remainder_reg_3[7] FB1_A1_A[0]
assign_trace un1_remainder_reg_3[5] FB1_A1_A[1]
assign_trace un1_remainder_reg_3[3] FB1_A1_A[2]
assign_trace un1_remainder_reg_3[2] FB1_A1_A[3]
assign_trace un1_remainder_reg_3[0] FB1_A1_A[4]
assign_trace un1_remainder_reg_2[5] FB1_A1_A[5]
assign_trace un1_remainder_reg_2[4] FB1_A1_A[6]
assign_trace un1_remainder_reg_2[0] FB1_A1_A[7]
assign_trace un1_quotient_reg_1[7] FB1_A1_A[8]
assign_trace un1_quotient_reg_1[6] FB1_A1_A[9]
assign_trace un1_quotient_reg_1[4] FB1_A1_A[10]
assign_trace un1_quotient_reg_1[3] FB1_A1_A[11]
assign_trace un1_quotient_reg_1[1] FB1_A1_B[0]
assign_trace un1_quotient_reg[6] FB1_A1_B[1]
assign_trace un1_quotient_reg[4] FB1_A1_B[2]
assign_trace un1_quotient_reg[3] FB1_A1_B[3]
assign_trace un1_quotient_reg[1] FB1_A1_C[0]
assign_trace un1_quotient_reg[0] FB1_A1_C[1]
assign_trace un1_in_valid_2 FB1_A1_C[2]
assign_trace rst_n FB1_A1_C[3]
assign_trace input_B[6] FB1_A1_C[4]
assign_trace input_B[5] FB1_A1_C[5]
assign_trace input_B[3] FB1_A1_C[6]
assign_trace input_B[2] FB1_A1_C[7]
assign_trace input_B[0] FB1_A1_C[8]
assign_trace input_A_dec[7] FB1_A1_C[9]
assign_trace input_A_dec[6] FB1_A1_C[10]
assign_trace input_A_dec[3] FB1_A1_C[11]
assign_trace input_A_dec[1] FB1_A1_D[0]
assign_trace input_A[6] FB1_A1_D[1]
assign_trace input_A[5] FB1_A1_D[2]
assign_trace input_A[3] FB1_A1_D[3]
assign_trace un1_remainder_reg_3[6] FB1_A2_A[0]
assign_trace un1_remainder_reg_3[4] FB1_A2_A[1]
assign_trace un1_remainder_reg_3[1] FB1_A2_A[2]
assign_trace un1_remainder_reg_2[7] FB1_A2_A[3]
assign_trace un1_remainder_reg_2[6] FB1_A2_A[4]
assign_trace un1_remainder_reg_2[3] FB1_A2_A[5]
assign_trace un1_remainder_reg_2[2] FB1_A2_A[6]
assign_trace un1_remainder_reg_2[1] FB1_A2_A[7]
assign_trace un1_quotient_reg_1[5] FB1_A2_A[8]
assign_trace un1_quotient_reg_1[2] FB1_A2_A[9]
assign_trace un1_quotient_reg_1[0] FB1_A2_A[10]
assign_trace un1_count_1[3] FB1.AI1_N[18]
assign_trace un1_count_1[2] FB1.AI1_N[19]
assign_trace un1_count_1[1] FB1.AI1_N[20]
assign_trace remainder_reg[7] FB1.AI1_N[21]
assign_trace remainder_reg[6] FB1.AI1_P[7]
assign_trace remainder_reg[5] FB1.AI1_P[8]
assign_trace remainder_reg[4] FB1.AI1_P[9]
assign_trace remainder_reg[3] FB1.AI1_P[10]
assign_trace A_aptn_ft[1] FB1.BI2_N[9]
assign_trace A_aptn_ft[0] FB1.BI2_P[9]
assign_trace A_aptn_ft[2] FB1.AI2_U[3]
assign_trace remainder_reg[2] FB1.AI3_N[10]
assign_trace remainder_reg[1] FB1.AI3_N[15]
assign_trace remainder_reg[0] FB1.AI3_P[1]
assign_trace quotient_reg[7] FB1.AI3_P[2]
assign_trace quotient_reg[6] FB1.AI3_P[3]
assign_trace quotient_reg[5] FB1.AI3_P[4]
assign_trace quotient_reg[4] FB1.AI3_P[5]
assign_trace quotient_reg[3] FB1.AI3_P[6]
assign_trace quotient_reg[2] FB1.AI3_P[7]
assign_trace quotient_reg[1] FB1.AI3_P[8]
assign_trace quotient_reg[0] FB1.AI3_P[9]
assign_trace input_A_pmux FB1.AI3_P[10]
assign_trace un1_rst_n FB1_A1_B[4]
assign_trace out_valid FB1_A1_B[5]
assign_trace in_valid_aptn_ft FB1_A1_B[6]
assign_trace B_aptn_ft[7] FB1_A1_B[7]
assign_trace B_aptn_ft[6] FB1_A1_B[8]
assign_trace B_aptn_ft[5] FB1_A1_B[9]
assign_trace B_aptn_ft[4] FB1_A1_B[10]
assign_trace B_aptn_ft[3] FB1_A1_B[11]
assign_trace B_aptn_ft[2] FB1_A1_D[4]
assign_trace B_aptn_ft[1] FB1_A1_D[5]
assign_trace B_aptn_ft[0] FB1_A1_D[6]
assign_trace A_aptn_ft[7] FB1_A1_D[7]
assign_trace A_aptn_ft[6] FB1_A1_D[8]
assign_trace A_aptn_ft[5] FB1_A1_D[9]
assign_trace A_aptn_ft[4] FB1_A1_D[10]
assign_trace A_aptn_ft[3] FB1_A1_D[11]
assign_trace un1_remainder_reg_1[7] FB1_A2_A[11]
assign_trace un1_remainder_reg_1[6] FB1_A2_A[12]
assign_trace un1_remainder_reg_1[5] FB1_A2_B[0]
assign_trace un1_remainder_reg_1[4] FB1_A2_B[1]
assign_trace un1_remainder_reg_1[3] FB1_A2_B[2]
assign_trace un1_remainder_reg_1[2] FB1_A2_B[3]
assign_trace un1_remainder_reg_1[1] FB1_A2_B[4]
assign_trace un1_remainder_reg_1[0] FB1_A2_B[5]
assign_trace un1_count_8[3] FB1_A2_B[6]
assign_trace un1_count_8[2] FB1_A2_B[7]
assign_trace un1_count_8[1] FB1_A2_B[8]
assign_trace un1_count_8[0] FB1_A2_B[9]
assign_trace un1_count_6[0] FB1_A2_B[10]
assign_trace remainder[0] FB1_B5_A[0]
assign_trace remainder[1] FB1_B5_A[1]
assign_trace remainder[2] FB1_B5_A[2]
assign_trace remainder[3] FB1_B5_A[3]
assign_trace remainder[4] FB1_B5_A[4]
assign_trace remainder[5] FB1_B5_A[5]
assign_trace remainder[6] FB1_B5_A[6]
assign_trace remainder[7] FB1_B5_A[7]
assign_trace out_valid_aptn_s FB1_B5_A[8]
assign_trace quotient[0] FB1_B5_B[0]
assign_trace quotient[1] FB1_B5_B[1]
assign_trace quotient[2] FB1_B5_B[2]
assign_trace quotient[3] FB1_B5_B[3]
assign_trace quotient[4] FB1_B5_B[4]
assign_trace quotient[5] FB1_B5_B[5]
assign_trace quotient[6] FB1_B5_B[6]
assign_trace quotient[7] FB1_B5_B[7]
assign_trace in_valid FB1_B5_A[9]
assign_trace B[7] FB1_B5_A[10]
assign_trace B[6] FB1_B5_A[11]
assign_trace B[5] FB1_B5_A[12]
assign_trace B[4] FB1_B5_B[8]
assign_trace B[3] FB1_B5_B[9]
assign_trace B[2] FB1_B5_B[10]
assign_trace B[1] FB1_B5_B[11]
assign_trace B[0] FB1_B5_C[0]
assign_trace A[7] FB1_B5_C[1]
assign_trace A[6] FB1_B5_C[2]
assign_trace A[5] FB1_B5_C[3]
assign_trace A[4] FB1_B5_C[4]
assign_trace A[3] FB1_B5_C[5]
assign_trace A[2] FB1_B5_C[6]
assign_trace A[1] FB1_B5_C[7]
assign_trace A[0] FB1_B5_C[8]
assign_trace clk1 GCLK1
