
Copyright (C) 1994-2021 Synopsys, Inc.
This Synopsys software and all associated documentation are proprietary to Synopsys, Inc.
and may only be used pursuant to the terms and conditions of a written license agreement
with Synopsys, Inc. All other use, reproduction, modification, or distribution of the
Synopsys software or the associated documentation is strictly prohibited.
Tool: HAPS (R) ProtoCompiler 100
Build: R-2020.12-SP1-1
Install: /usr/cadtool/csr5306/synopsys/protocomp/R-2020.12-SP1-1
OS: CentOS release 6.10 (Final)
Hostname: ws32
max virtual memory: unlimited (bytes)
max user processes: 1024
max stack size: 10485760 (bytes)


Database state : /home/m110/m110063541/synos/kai/Lab1_PCflow/UC_LED_DEMO/|sr0
Synopsys Partitioner, Version map202012pcp4, Build 193R, Built Apr  8 2022 21:27:09, @4216327

##############################################################################
########################## TDM QUALIFIED NETS ##########################
##############################################################################
TDM Qualification type: all
Qualified Nets          Source FPGA  Sink FPGA(s)  Sink Instance                                                    Driver Instance                                Source Clock  Dest Clock  Clock Group      Slack    
---------------------------------------------------------------------------------------------------------------------------------------------------------------------------------------------------------------------
rst_n                   FB1.uA       FB1.uB        FB1.uB.dut_inst.aptn_reset_sync_rst_n_2.D[0]                     FB1.uA.dut_inst.aptn_reset_sync_rst_n_4.Q[0]   System:r      clk1:r      system_clkgroup  42.6558  
un1_remainder_reg_2[0]  FB1.uA       FB1.uB        FB1.uB.dut_inst.remainder[7:0].D[0]                              in_valid.in_valid                              clk1:r        clk1:r      d1               39.9734  
un1_remainder_reg_2[1]  FB1.uA       FB1.uB        FB1.uB.dut_inst.remainder[7:0].D[1]                              in_valid.in_valid                              clk1:r        clk1:r      d1               40.0037  
un1_remainder_reg_2[2]  FB1.uA       FB1.uB        FB1.uB.dut_inst.remainder[7:0].D[2]                              in_valid.in_valid                              clk1:r        clk1:r      d1               40.0037  
un1_remainder_reg_2[3]  FB1.uA       FB1.uB        FB1.uB.dut_inst.remainder[7:0].D[3]                              in_valid.in_valid                              clk1:r        clk1:r      d1               40.0037  
un1_remainder_reg_2[4]  FB1.uA       FB1.uB        FB1.uB.dut_inst.remainder[7:0].D[4]                              in_valid.in_valid                              clk1:r        clk1:r      d1               40.0037  
un1_remainder_reg_2[5]  FB1.uA       FB1.uB        FB1.uB.dut_inst.remainder[7:0].D[5]                              in_valid.in_valid                              clk1:r        clk1:r      d1               40.0037  
un1_remainder_reg_2[6]  FB1.uA       FB1.uB        FB1.uB.dut_inst.remainder[7:0].D[6]                              in_valid.in_valid                              clk1:r        clk1:r      d1               40.0037  
un1_remainder_reg_2[7]  FB1.uA       FB1.uB        FB1.uB.dut_inst.remainder[7:0].D[7]                              in_valid.in_valid                              clk1:r        clk1:r      d1               40.0644  
remainder_reg[0]        FB1.uB       FB1.uA        FB1.uA.dut_inst.un1_remainder_reg_3[7:0].un1_remainder_reg_3[7]  FB1.uB.dut_inst.remainder_reg[7:0].Q[0]        clk1:r        clk1:r      d1               38.6582  
remainder_reg[1]        FB1.uB       FB1.uA        FB1.uA.dut_inst.un1_remainder_reg_3[7:0].un1_remainder_reg_3[7]  FB1.uB.dut_inst.remainder_reg[7:0].Q[1]        clk1:r        clk1:r      d1               38.6909  
remainder_reg[2]        FB1.uB       FB1.uA        FB1.uA.dut_inst.un1_remainder_reg_3[7:0].un1_remainder_reg_3[7]  FB1.uB.dut_inst.remainder_reg[7:0].Q[2]        clk1:r        clk1:r      d1               38.7101  
remainder_reg[3]        FB1.uB       FB1.uA        FB1.uA.dut_inst.un1_remainder_reg_3[7:0].un1_remainder_reg_3[7]  FB1.uB.dut_inst.remainder_reg[7:0].Q[3]        clk1:r        clk1:r      d1               38.7101  
remainder_reg[4]        FB1.uB       FB1.uA        FB1.uA.dut_inst.un1_remainder_reg_3[7:0].un1_remainder_reg_3[7]  FB1.uB.dut_inst.remainder_reg[7:0].Q[4]        clk1:r        clk1:r      d1               38.7113  
remainder_reg[5]        FB1.uB       FB1.uA        FB1.uA.dut_inst.un1_remainder_reg_3[7:0].un1_remainder_reg_3[7]  FB1.uB.dut_inst.remainder_reg[7:0].Q[5]        clk1:r        clk1:r      d1               38.7101  
remainder_reg[6]        FB1.uB       FB1.uA        FB1.uA.dut_inst.un1_remainder_reg_3[7:0].un1_remainder_reg_3[7]  FB1.uB.dut_inst.remainder_reg[7:0].Q[6]        clk1:r        clk1:r      d1               38.7365  
remainder_reg[7]        FB1.uB       FB1.uA        FB1.uA.dut_inst.un1_remainder_reg_3[7:0].un1_remainder_reg_3[7]  FB1.uB.dut_inst.remainder_reg[7:0].Q[7]        clk1:r        clk1:r      d1               38.7972  
un1_quotient_reg[0]     FB1.uA       FB1.uB        FB1.uB.dut_inst.quotient[7:0].D[0]                               in_valid.in_valid                              clk1:r        clk1:r      d1               40.1403  
un1_quotient_reg[1]     FB1.uA       FB1.uB        FB1.uB.dut_inst.quotient[7:0].D[1]                               in_valid.in_valid                              clk1:r        clk1:r      d1               40.1403  
un1_quotient_reg[2]     FB1.uA       FB1.uB        FB1.uB.dut_inst.quotient[7:0].D[2]                               in_valid.in_valid                              clk1:r        clk1:r      d1               40.1403  
un1_quotient_reg[3]     FB1.uA       FB1.uB        FB1.uB.dut_inst.quotient[7:0].D[3]                               in_valid.in_valid                              clk1:r        clk1:r      d1               40.1403  
un1_quotient_reg[4]     FB1.uA       FB1.uB        FB1.uB.dut_inst.quotient[7:0].D[4]                               in_valid.in_valid                              clk1:r        clk1:r      d1               40.1403  
un1_quotient_reg[5]     FB1.uA       FB1.uB        FB1.uB.dut_inst.quotient[7:0].D[5]                               in_valid.in_valid                              clk1:r        clk1:r      d1               40.1403  
un1_quotient_reg[6]     FB1.uA       FB1.uB        FB1.uB.dut_inst.quotient[7:0].D[6]                               in_valid.in_valid                              clk1:r        clk1:r      d1               40.1403  
un1_quotient_reg[7]     FB1.uA       FB1.uB        FB1.uB.dut_inst.quotient[7:0].D[7]                               in_valid.in_valid                              clk1:r        clk1:r      d1               40.1403  
quotient_reg[0]         FB1.uB       FB1.uA        FB1.uB.dut_inst.quotient_reg[7:0].D[0]                           FB1.uB.dut_inst.quotient_reg[7:0].Q[0]         clk1:r        clk1:r      d1               40.123   
quotient_reg[1]         FB1.uB       FB1.uA        FB1.uB.dut_inst.quotient_reg[7:0].D[1]                           FB1.uB.dut_inst.quotient_reg[7:0].Q[1]         clk1:r        clk1:r      d1               40.123   
quotient_reg[2]         FB1.uB       FB1.uA        FB1.uB.dut_inst.quotient_reg[7:0].D[2]                           FB1.uB.dut_inst.quotient_reg[7:0].Q[2]         clk1:r        clk1:r      d1               40.123   
quotient_reg[3]         FB1.uB       FB1.uA        FB1.uB.dut_inst.quotient_reg[7:0].D[3]                           FB1.uB.dut_inst.quotient_reg[7:0].Q[3]         clk1:r        clk1:r      d1               40.123   
quotient_reg[4]         FB1.uB       FB1.uA        FB1.uB.dut_inst.quotient_reg[7:0].D[4]                           FB1.uB.dut_inst.quotient_reg[7:0].Q[4]         clk1:r        clk1:r      d1               40.123   
quotient_reg[5]         FB1.uB       FB1.uA        FB1.uB.dut_inst.quotient_reg[7:0].D[5]                           FB1.uB.dut_inst.quotient_reg[7:0].Q[5]         clk1:r        clk1:r      d1               40.123   
quotient_reg[6]         FB1.uB       FB1.uA        FB1.uB.dut_inst.quotient_reg[7:0].D[6]                           FB1.uB.dut_inst.quotient_reg[7:0].Q[6]         clk1:r        clk1:r      d1               40.123   
quotient_reg[7]         FB1.uB       FB1.uA        FB1.uB.dut_inst.quotient_reg[7:0].D[7]                           FB1.uB.dut_inst.quotient_reg[7:0].Q[7]         clk1:r        clk1:r      d1               40.123   
un1_in_valid_2          FB1.uA       FB1.uB        FB1.uB.dut_inst.un1_count_8[3:0].un1_count_8[3]                  in_valid.in_valid                              clk1:r        clk1:r      d1               38.9991  
un1_count_6[0]          FB1.uB       FB1.uA        FB1.uB.dut_inst.quotient_reg[7:0].D[5]                           FB1.uA.dut_inst.count[3:0].Q[1]                clk1:r        clk1:r      d1               32.3421  
un1_remainder_reg_3[0]  FB1.uA       FB1.uB        FB1.uB.dut_inst.remainder_reg[7:0].D[0]                          in_valid.in_valid                              clk1:r        clk1:r      d1               32.3421  
un1_remainder_reg_3[1]  FB1.uA       FB1.uB        FB1.uB.dut_inst.remainder_reg[7:0].D[1]                          in_valid.in_valid                              clk1:r        clk1:r      d1               36.5779  
un1_remainder_reg_3[2]  FB1.uA       FB1.uB        FB1.uB.dut_inst.remainder_reg[7:0].D[2]                          in_valid.in_valid                              clk1:r        clk1:r      d1               36.5779  
un1_remainder_reg_3[3]  FB1.uA       FB1.uB        FB1.uB.dut_inst.remainder_reg[7:0].D[3]                          in_valid.in_valid                              clk1:r        clk1:r      d1               36.5779  
un1_remainder_reg_3[4]  FB1.uA       FB1.uB        FB1.uB.dut_inst.remainder_reg[7:0].D[4]                          in_valid.in_valid                              clk1:r        clk1:r      d1               36.5779  
un1_remainder_reg_3[5]  FB1.uA       FB1.uB        FB1.uB.dut_inst.remainder_reg[7:0].D[5]                          in_valid.in_valid                              clk1:r        clk1:r      d1               36.5779  
un1_remainder_reg_3[6]  FB1.uA       FB1.uB        FB1.uB.dut_inst.remainder_reg[7:0].D[6]                          in_valid.in_valid                              clk1:r        clk1:r      d1               36.5779  
un1_remainder_reg_3[7]  FB1.uA       FB1.uB        FB1.uB.dut_inst.remainder_reg[7:0].D[7]                          in_valid.in_valid                              clk1:r        clk1:r      d1               36.5779  
un1_remainder_reg_1[0]  FB1.uB       FB1.uA        FB1.uB.dut_inst.remainder_reg[7:0].D[0]                          FB1.uA.dut_inst.input_B[7:0].Q[5]              clk1:r        clk1:r      d1               37.4816  
un1_remainder_reg_1[1]  FB1.uB       FB1.uA        FB1.uB.dut_inst.remainder_reg[7:0].D[1]                          FB1.uA.dut_inst.input_B[7:0].Q[5]              clk1:r        clk1:r      d1               37.1466  
un1_remainder_reg_1[2]  FB1.uB       FB1.uA        FB1.uB.dut_inst.remainder_reg[7:0].D[2]                          FB1.uA.dut_inst.input_B[7:0].Q[5]              clk1:r        clk1:r      d1               37.122   
un1_remainder_reg_1[3]  FB1.uB       FB1.uA        FB1.uB.dut_inst.remainder_reg[7:0].D[3]                          FB1.uA.dut_inst.input_B[7:0].Q[5]              clk1:r        clk1:r      d1               37.1178  
un1_remainder_reg_1[4]  FB1.uB       FB1.uA        FB1.uB.dut_inst.remainder_reg[7:0].D[4]                          FB1.uA.dut_inst.input_B[7:0].Q[5]              clk1:r        clk1:r      d1               37.074   
un1_remainder_reg_1[5]  FB1.uB       FB1.uA        FB1.uB.dut_inst.remainder_reg[7:0].D[5]                          FB1.uA.dut_inst.input_B[7:0].Q[5]              clk1:r        clk1:r      d1               37.0524  
un1_remainder_reg_1[6]  FB1.uB       FB1.uA        FB1.uB.dut_inst.remainder_reg[7:0].D[6]                          FB1.uA.dut_inst.input_B[7:0].Q[5]              clk1:r        clk1:r      d1               37.0566  
un1_remainder_reg_1[7]  FB1.uB       FB1.uA        FB1.uB.dut_inst.remainder_reg[7:0].D[7]                          FB1.uA.dut_inst.input_B[7:0].Q[5]              clk1:r        clk1:r      d1               37.0518  
input_A_pmux            FB1.uB       FB1.uA        FB1.uB.dut_inst.remainder_reg[7:0].D[0]                          FB1.uA.dut_inst.input_A[7:0].Q[5]              clk1:r        clk1:r      d1               32.3421  
un1_quotient_reg_1[0]   FB1.uA       FB1.uB        FB1.uB.dut_inst.quotient_reg[7:0].D[0]                           in_valid.in_valid                              clk1:r        clk1:r      d1               37.0849  
un1_quotient_reg_1[1]   FB1.uA       FB1.uB        FB1.uB.dut_inst.quotient_reg[7:0].D[1]                           in_valid.in_valid                              clk1:r        clk1:r      d1               37.1103  
un1_quotient_reg_1[2]   FB1.uA       FB1.uB        FB1.uB.dut_inst.quotient_reg[7:0].D[2]                           in_valid.in_valid                              clk1:r        clk1:r      d1               37.1103  
un1_quotient_reg_1[3]   FB1.uA       FB1.uB        FB1.uB.dut_inst.quotient_reg[7:0].D[3]                           in_valid.in_valid                              clk1:r        clk1:r      d1               37.1103  
un1_quotient_reg_1[4]   FB1.uA       FB1.uB        FB1.uB.dut_inst.quotient_reg[7:0].D[4]                           in_valid.in_valid                              clk1:r        clk1:r      d1               37.1103  
un1_quotient_reg_1[5]   FB1.uA       FB1.uB        FB1.uB.dut_inst.quotient_reg[7:0].D[5]                           in_valid.in_valid                              clk1:r        clk1:r      d1               37.1103  
un1_quotient_reg_1[6]   FB1.uA       FB1.uB        FB1.uB.dut_inst.quotient_reg[7:0].D[6]                           in_valid.in_valid                              clk1:r        clk1:r      d1               37.1103  
un1_quotient_reg_1[7]   FB1.uA       FB1.uB        FB1.uB.dut_inst.quotient_reg[7:0].D[7]                           in_valid.in_valid                              clk1:r        clk1:r      d1               37.1103  
input_A_dec[0]          FB1.uA       FB1.uB        FB1.uB.dut_inst.remainder_reg[7:0].D[0]                          FB1.uA.dut_inst.un1_count_6[0].un1_count_6[0]  clk1:r        clk1:r      d1               32.5837  
input_A_dec[1]          FB1.uA       FB1.uB        FB1.uB.dut_inst.remainder_reg[7:0].D[0]                          FB1.uA.dut_inst.un1_count_6[0].un1_count_6[0]  clk1:r        clk1:r      d1               32.5837  
input_A_dec[2]          FB1.uA       FB1.uB        FB1.uB.dut_inst.remainder_reg[7:0].D[0]                          FB1.uA.dut_inst.un1_count_6[0].un1_count_6[0]  clk1:r        clk1:r      d1               32.4504  
input_A_dec[3]          FB1.uA       FB1.uB        FB1.uB.dut_inst.remainder_reg[7:0].D[0]                          FB1.uA.dut_inst.un1_count_6[0].un1_count_6[0]  clk1:r        clk1:r      d1               32.4504  
input_A_dec[4]          FB1.uA       FB1.uB        FB1.uB.dut_inst.remainder_reg[7:0].D[0]                          FB1.uA.dut_inst.un1_count_6[0].un1_count_6[0]  clk1:r        clk1:r      d1               32.4487  
input_A_dec[5]          FB1.uA       FB1.uB        FB1.uB.dut_inst.remainder_reg[7:0].D[0]                          FB1.uA.dut_inst.un1_count_6[0].un1_count_6[0]  clk1:r        clk1:r      d1               32.4487  
input_A_dec[6]          FB1.uA       FB1.uB        FB1.uB.dut_inst.remainder_reg[7:0].D[0]                          FB1.uA.dut_inst.un1_count_6[0].un1_count_6[0]  clk1:r        clk1:r      d1               32.3421  
input_A_dec[7]          FB1.uA       FB1.uB        FB1.uB.dut_inst.remainder_reg[7:0].D[0]                          FB1.uA.dut_inst.un1_count_6[0].un1_count_6[0]  clk1:r        clk1:r      d1               32.3698  
count[0]                FB1.uA       FB1.uB        FB1.uA.dut_inst.count[3:0].D[2]                                  FB1.uA.dut_inst.count[3:0].Q[0]                clk1:r        clk1:r      d1               32.3421  
count[1]                FB1.uA       FB1.uB        FB1.uA.dut_inst.un1_remainder_reg_3[7:0].un1_remainder_reg_3[7]  FB1.uA.dut_inst.count[3:0].Q[1]                clk1:r        clk1:r      d1               36.5601  
count[2]                FB1.uA       FB1.uB        FB1.uA.dut_inst.un1_remainder_reg_3[7:0].un1_remainder_reg_3[7]  FB1.uA.dut_inst.count[3:0].Q[2]                clk1:r        clk1:r      d1               36.5753  
count[3]                FB1.uA       FB1.uB        FB1.uA.dut_inst.count[3:0].D[0]                                  FB1.uA.dut_inst.count[3:0].Q[3]                clk1:r        clk1:r      d1               37.0659  
un1_count_8[0]          FB1.uB       FB1.uA        FB1.uA.dut_inst.count[3:0].D[0]                                  in_valid.in_valid                              clk1:r        clk1:r      d1               38.9991  
un1_count_8[1]          FB1.uB       FB1.uA        FB1.uA.dut_inst.count[3:0].D[1]                                  in_valid.in_valid                              clk1:r        clk1:r      d1               38.9991  
un1_count_8[2]          FB1.uB       FB1.uA        FB1.uA.dut_inst.count[3:0].D[2]                                  in_valid.in_valid                              clk1:r        clk1:r      d1               38.9991  
un1_count_8[3]          FB1.uB       FB1.uA        FB1.uA.dut_inst.count[3:0].D[3]                                  in_valid.in_valid                              clk1:r        clk1:r      d1               38.9991  
un1_in_valid_6          FB1.uA       FB1.uB        FB1.uB.dut_inst.quotient[7:0].E                                  in_valid.in_valid                              clk1:r        clk1:r      d1               36.8311  
out_valid               FB1.uB       FB1.uA        FB1.uA.dut_inst.un1_remainder_reg_3[7:0].un1_remainder_reg_3[7]  FB1.uB.dut_inst.out_valid.Q[0]                 clk1:r        System:r    d1               42.8843  
input_B[0]              FB1.uA       FB1.uB        FB1.uB.dut_inst.remainder_reg[7:0].D[7]                          FB1.uA.dut_inst.input_B[7:0].Q[0]              clk1:r        clk1:r      d1               37.0518  
input_B[1]              FB1.uA       FB1.uB        FB1.uB.dut_inst.remainder_reg[7:0].D[7]                          FB1.uA.dut_inst.input_B[7:0].Q[1]              clk1:r        clk1:r      d1               37.0997  
input_B[2]              FB1.uA       FB1.uB        FB1.uB.dut_inst.remainder_reg[7:0].D[7]                          FB1.uA.dut_inst.input_B[7:0].Q[2]              clk1:r        clk1:r      d1               37.1225  
input_B[3]              FB1.uA       FB1.uB        FB1.uB.dut_inst.remainder_reg[7:0].D[7]                          FB1.uA.dut_inst.input_B[7:0].Q[3]              clk1:r        clk1:r      d1               37.1327  
input_B[4]              FB1.uA       FB1.uB        FB1.uB.dut_inst.remainder_reg[7:0].D[7]                          FB1.uA.dut_inst.input_B[7:0].Q[4]              clk1:r        clk1:r      d1               37.1657  
input_B[5]              FB1.uA       FB1.uB        FB1.uB.dut_inst.remainder_reg[7:0].D[7]                          FB1.uA.dut_inst.input_B[7:0].Q[5]              clk1:r        clk1:r      d1               37.1651  
input_B[6]              FB1.uA       FB1.uB        FB1.uB.dut_inst.remainder_reg[7:0].D[7]                          FB1.uA.dut_inst.input_B[7:0].Q[6]              clk1:r        clk1:r      d1               37.1999  
input_B[7]              FB1.uA       FB1.uB        FB1.uB.dut_inst.remainder_reg[7:0].D[7]                          FB1.uA.dut_inst.input_B[7:0].Q[7]              clk1:r        clk1:r      d1               37.2173  
un1_count_1[1]          FB1.uB       FB1.uA        FB1.uA.dut_inst.un1_remainder_reg_3[7:0].un1_remainder_reg_3[7]  FB1.uA.dut_inst.count[3:0].Q[1]                clk1:r        clk1:r      d1               36.5601  
un1_count_1[2]          FB1.uB       FB1.uA        FB1.uA.dut_inst.un1_remainder_reg_3[7:0].un1_remainder_reg_3[7]  FB1.uA.dut_inst.count[3:0].Q[2]                clk1:r        clk1:r      d1               36.5753  
un1_count_1[3]          FB1.uB       FB1.uA        FB1.uB.dut_inst.remainder_reg[7:0].D[5]                          FB1.uA.dut_inst.count[3:0].Q[3]                clk1:r        clk1:r      d1               37.0659  
input_A[0]              FB1.uA       FB1.uB        FB1.uB.dut_inst.remainder_reg[7:0].D[0]                          FB1.uA.dut_inst.input_A[7:0].Q[0]              clk1:r        clk1:r      d1               37.6992  
input_A[1]              FB1.uA       FB1.uB        FB1.uB.dut_inst.remainder_reg[7:0].D[0]                          FB1.uA.dut_inst.input_A[7:0].Q[1]              clk1:r        clk1:r      d1               37.6992  
input_A[2]              FB1.uA       FB1.uB        FB1.uB.dut_inst.remainder_reg[7:0].D[0]                          FB1.uA.dut_inst.input_A[7:0].Q[2]              clk1:r        clk1:r      d1               37.57    
input_A[3]              FB1.uA       FB1.uB        FB1.uB.dut_inst.remainder_reg[7:0].D[0]                          FB1.uA.dut_inst.input_A[7:0].Q[3]              clk1:r        clk1:r      d1               37.57    
input_A[4]              FB1.uA       FB1.uB        FB1.uB.dut_inst.remainder_reg[7:0].D[0]                          FB1.uA.dut_inst.input_A[7:0].Q[4]              clk1:r        clk1:r      d1               37.5707  
input_A[5]              FB1.uA       FB1.uB        FB1.uB.dut_inst.remainder_reg[7:0].D[0]                          FB1.uA.dut_inst.input_A[7:0].Q[5]              clk1:r        clk1:r      d1               37.5707  
input_A[6]              FB1.uA       FB1.uB        FB1.uB.dut_inst.remainder_reg[7:0].D[0]                          FB1.uA.dut_inst.input_A[7:0].Q[6]              clk1:r        clk1:r      d1               37.4439  
input_A[7]              FB1.uA       FB1.uB        FB1.uB.dut_inst.remainder_reg[7:0].D[0]                          FB1.uA.dut_inst.input_A[7:0].Q[7]              clk1:r        clk1:r      d1               37.4439  
A_aptn_ft[6]            FB1.uB       FB1.uA        FB1.uA.dut_inst.input_A[7:0].D[6]                                A[7:0].A[6]                                    System:r      clk1:r      system_clkgroup  44.6733  
in_valid_aptn_ft        FB1.uB       FB1.uA        FB1.uA.dut_inst.un1_remainder_reg_3[7:0].un1_remainder_reg_3[7]  in_valid.in_valid                              System:r      clk1:r      system_clkgroup  39.001   
A_aptn_ft[1]            FB1.uB       FB1.uA        FB1.uA.dut_inst.input_A[7:0].D[1]                                A[7:0].A[1]                                    System:r      clk1:r      system_clkgroup  44.6733  
B_aptn_ft[1]            FB1.uB       FB1.uA        FB1.uA.dut_inst.input_B[7:0].D[1]                                B[7:0].B[1]                                    System:r      clk1:r      system_clkgroup  44.6733  
A_aptn_ft[2]            FB1.uB       FB1.uA        FB1.uA.dut_inst.input_A[7:0].D[2]                                A[7:0].A[2]                                    System:r      clk1:r      system_clkgroup  44.6733  
B_aptn_ft[5]            FB1.uB       FB1.uA        FB1.uA.dut_inst.input_B[7:0].D[5]                                B[7:0].B[5]                                    System:r      clk1:r      system_clkgroup  44.6733  
B_aptn_ft[6]            FB1.uB       FB1.uA        FB1.uA.dut_inst.input_B[7:0].D[6]                                B[7:0].B[6]                                    System:r      clk1:r      system_clkgroup  44.6733  
A_aptn_ft[7]            FB1.uB       FB1.uA        FB1.uA.dut_inst.input_A[7:0].D[7]                                A[7:0].A[7]                                    System:r      clk1:r      system_clkgroup  44.6733  
B_aptn_ft[0]            FB1.uB       FB1.uA        FB1.uA.dut_inst.input_B[7:0].D[0]                                B[7:0].B[0]                                    System:r      clk1:r      system_clkgroup  44.6733  
B_aptn_ft[3]            FB1.uB       FB1.uA        FB1.uA.dut_inst.input_B[7:0].D[3]                                B[7:0].B[3]                                    System:r      clk1:r      system_clkgroup  44.6733  
A_aptn_ft[4]            FB1.uB       FB1.uA        FB1.uA.dut_inst.input_A[7:0].D[4]                                A[7:0].A[4]                                    System:r      clk1:r      system_clkgroup  44.6733  
B_aptn_ft[4]            FB1.uB       FB1.uA        FB1.uA.dut_inst.input_B[7:0].D[4]                                B[7:0].B[4]                                    System:r      clk1:r      system_clkgroup  44.6733  
A_aptn_ft[5]            FB1.uB       FB1.uA        FB1.uA.dut_inst.input_A[7:0].D[5]                                A[7:0].A[5]                                    System:r      clk1:r      system_clkgroup  44.6733  
A_aptn_ft[0]            FB1.uB       FB1.uA        FB1.uA.dut_inst.input_A[7:0].D[0]                                A[7:0].A[0]                                    System:r      clk1:r      system_clkgroup  44.6733  
B_aptn_ft[7]            FB1.uB       FB1.uA        FB1.uA.dut_inst.input_B[7:0].D[7]                                B[7:0].B[7]                                    System:r      clk1:r      system_clkgroup  44.6733  
A_aptn_ft[3]            FB1.uB       FB1.uA        FB1.uA.dut_inst.input_A[7:0].D[3]                                A[7:0].A[3]                                    System:r      clk1:r      system_clkgroup  44.6733  
B_aptn_ft[2]            FB1.uB       FB1.uA        FB1.uA.dut_inst.input_B[7:0].D[2]                                B[7:0].B[2]                                    System:r      clk1:r      system_clkgroup  44.6733  
=====================================================================================================================================================================================================================
